[PASS] 1.1 POST /api/v1/auth/password — temporary bootstrap password changed for SYSTEM
[PASS] 1.2 PUT /api/v1/licensing/settings — nursery name/theme saved with a passing contrast pair
[PASS] 1.2b PUT /api/v1/licensing/settings — unreadable white-on-white theme correctly rejected server-side: VALIDATION_ERROR licensing.contrast
[PASS] 1.3 PUT /api/v1/licensing/limits — subscription validity/grace/capacities saved
[PASS] 1.4 POST /api/v1/organization/roles — custom role created id=d4232d15-6e5e-4fd3-87d1-a8c24b6649ec
[PASS] 1.4b POST /api/v1/organization/roles — reserved capability key correctly refused for a custom role: FORBIDDEN auth.forbidden
[PASS] 1.4c POST /api/v1/organization/roles — teacher role created id=638f30cb-a86c-4e97-a2c3-782d07db3e66
[PASS] 1.5 POST /api/v1/licensing/staff — first nursery-admin login provisioned: admin-1789451999756
[PASS] 1.5b POST /api/v1/auth/password — one-time temporary password worked and was changed
[PASS] 2.1 POST /api/v1/organization/branches — branch A id=cad62d57-1f76-4d69-9e1b-2e5eb52db01e
[PASS] 2.1b POST /api/v1/organization/branches — branch B id=b50b6806-b64a-4cc3-b867-6b5ededfbd77
[PASS] 2.1c POST /api/v1/organization/classrooms — classroom A id=068fe7e3-0383-41dc-a41c-4cfe3184f9de
[PASS] 2.1d POST /api/v1/organization/classrooms — classroom B id=6b652ced-2410-4291-a9a2-8d297930f4f7
[PASS] 1.5c PUT /api/v1/organization/staff/:id/assignments — admin scoped branch-wide over both branches
[PASS] 2.2 POST /api/v1/licensing/staff — teacher login provisioned: teacher-1789452001076
[PASS] 2.2a PUT /api/v1/organization/staff/:id/assignments — teacher scoped to classroom A only
[PASS] 2.2b GET /api/v1/auth/me — teacher session scope is exactly classroom A only (classroomIds=[068fe7e3-0383-41dc-a41c-4cfe3184f9de])
[PASS] 2.setup-a POST /api/v1/finance/categories — TUITION category id=11e7581c-a12a-473e-a5f8-ca0105e8dc8a
[PASS] 2.setup-b POST /api/v1/finance/categories — BUS category id=8ff8a238-8079-46d8-89bc-92c96d837b9c
[PASS] 2.setup-c POST /api/v1/finance/categories — TRIP category id=dff78f58-79bd-4918-9069-9499537f4967
[PASS] 2.setup-d POST /api/v1/finance/accounts — branch A default CASH account id=f14ee431-fda1-47a0-b4a6-fdbd47c011b7, opening balance 2000000
[PASS] 2.setup-e POST /api/v1/finance/accounts — branch B default CASH account id=d1a108a1-18c3-4c6d-b2d9-94e3b2e5f04b
[PASS] 2.setup-f POST /api/v1/finance/accounts — branch A BANK account id=b689acbb-7333-4445-aed6-afa88f13e81a
[PASS] 2.3 POST /api/v1/children/onboarding — family onboarded: 2 children, 1 guardian(s)
[PASS] 2.4 POST /api/v1/billing/agreements — draft billing agreement id=f9d395c3-7bfc-4d1d-afda-9174b3190264
[PASS] 2.4b POST /api/v1/billing/agreements/:id/approve — agreement approved — creates debt only, verified against treasury balance in 2.4c
[PASS] 2.4c GET /api/v1/finance/accounts — approving the agreement created no cash movement (branch A cash balance still 2000000)
[PASS] 2.5 POST /api/v1/transport/subscriptions — bus subscription id=f64d609e-3bc5-4207-b69b-5171b0ce9ced created with obligation c034c4ed-a7b6-4125-a7a3-78b57bacc2a0 (eligibility checked in 5.2 after full settlement)
[PASS] 2.6 POST /api/v1/activities — activity created id=a20eafd8-a30c-41d8-9407-1b795fc43fad
[PASS] 3.setup GET /api/v1/learning/configuration — checkpoint configuration v2, 3 definitions
[PASS] 3.1 GET /api/v1/attendance/classrooms/:id/draft — roster 2 children
[PASS] 3.1b POST /api/v1/attendance/classroom-publications — attendance published PRESENT for the full roster
[PASS] 3.setup-subject POST /api/v1/exams/catalog/subjects — subject id=7f3ba849-afbb-4328-82b1-6b3f83a377c1
[PASS] 3.setup-type POST /api/v1/exams/catalog/types — exam type id=ff75b1fb-6574-4158-8900-cb5cc41daeb7
[PASS] 3.setup-exam POST /api/v1/exams — exam id=8cf6d431-9f07-454b-aced-f582ebc3ec98
[PASS] 3.setup-roster GET /api/v1/exams/:id/roster — 2 children on roster
[PASS] 3.2 POST /api/v1/exams/results — child one scored 0 (real zero, not missing); child two left unrecorded to confirm missing ≠ zero
[PASS] 3.2b GET /api/v1/exams/:id/roster — confirmed: recorded zero score displays as 0, unrecorded child stays explicitly missing (not zero)
[PASS] 3.3 POST /api/v1/homework — homework assignment id=ea63c4c3-e17e-425e-8364-becf44c70d37
[PASS] 3.setup-hw-roster GET /api/v1/homework/:id/roster — 2 children
[PASS] 3.3b POST /api/v1/homework/outcomes — child one homework marked completed
[PASS] 3.4 POST /api/v1/exams/results/corrections — issued a reasoned correction from 0 to 5
[PASS] 3.4b GET /api/v1/exams/children/:id/history — 1 historical exam entries retained (original stays visible alongside the correction)
[PASS] 4.1 GET /api/v1/parent/live (SSE) — real SSE stream received a distinct invalidate event within 8s of a teacher publication (separate from the initial connect snapshot)
[PASS] 4.1b GET /api/v1/learning/children/:id/daily — guardian can read the child's daily record over the same authenticated route staff use
[PASS] 4.2 PATCH /api/v1/auth/locale — guardian locale switched to ar-EG (dd/MM/yyyy + Latin-digit EGP rendering itself is a DOM-suite/manual check, not verifiable over raw HTTP — see note in the matrix)
[PASS] 4.3 GET /api/v1/parent/payment-options — guardian can read parent payment options (permitted balances view); receipt visibility re-checked at 4.3b after 5.1 actually collects one
[PASS] 4.3-balances GET /api/v1/finance/children/:id/balances — guardian can read the permitted child balance before any collection
[PASS] 4.4-setup POST /api/v1/announcements — announcement id=185236ef-6d13-4276-b47f-049e39629c01
[PASS] 4.4 GET /api/v1/parent/announcements — 1 notice(s) visible, including the classroom announcement
[PASS] 4.4b POST /api/v1/parent/announcements/:id/acknowledgment — guardian acknowledged the notice that required it, and it now shows acknowledged=true on re-read
[PASS] 5.setup GET /api/v1/finance/outstanding — 3 unpaid installment(s), total remaining 145000
[PASS] 5.1 POST /api/v1/payments — partial collection produced receipt(s): 481735e8-cf2d-4fcc-a61e-02b2883b5c83
[PASS] 4.3b GET /api/v1/parent/children/:id/receipts — guardian's payment history now shows the just-collected receipt (1 total)
[PASS] 5.2 POST /api/v1/payments — partial bus-fee payment correctly rejected (full settlement only): VALIDATION_ERROR finance.invalid
[PASS] 5.2b POST /api/v1/payments — full bus-fee settlement accepted once
[PASS] 5.2c GET /api/v1/transport/subscriptions — bus subscription now eligible after full settlement
[PASS] 5.3-setup POST /api/v1/expenses/categories — expense category id=5d0a3641-7a32-4979-983d-da8534c55484
[PASS] 5.3 POST /api/v1/expenses — pending expense id=e0a18ddf-581a-4e12-be15-a71de9dce108 (no cash effect)
[PASS] 5.3b POST /api/v1/expenses/:id/pay — actual payment recorded once money left the account
[PASS] 5.4 POST /api/v1/finance/transfers — treasury account transfer recorded (source −, destination +)
[PASS] 5.5-setup POST /api/v1/payroll/employees — employee profile id=3f5808e5-d2a3-457c-8f9d-9c606937ab2b
[PASS] 5.5-setup-b POST /api/v1/payroll/periods — payroll period id=5f216896-e556-4a15-9bde-d1936d0d713f
[PASS] 5.5 POST /api/v1/payroll/periods/:id/advances — salary advance paid
[PASS] 5.5b POST /api/v1/payroll/periods/:id/settlements — full remaining 400000 paid once
[PASS] 5.6-setup POST /api/v1/finance/child-transfers/preview — preview: 1 outstanding item(s), amount 100000
[PASS] 5.6 POST /api/v1/children/:id/branch-transfers — child transferred with outstanding debt moved to Branch B
[PASS] 5.6b GET /api/v1/finance/accounts — branch A cash balance after transfer: 1550333 (unchanged by the transfer itself, cf. balance recorded at 2.4c and any 5.1/5.3b/5.4 postings above)
[PASS] 5.7-setup GET /api/v1/finance/closing-options — 2 countable account(s), canCount=true
[PASS] 5.7-setup-b GET /api/v1/finance/closing-current — current revision 0
[PASS] 5.7 POST /api/v1/finance/closings — closing recorded, difference 0 (0 = matches actual counted cash)
[PASS] 5.8-setup GET /api/v1/reports/options — 24 report kinds available
[PASS] 5.8-PDF POST /api/v1/reports/exports — PDF export requested id=aad99302-8e45-4949-b4a7-4f515f4c91f6
[PASS] 5.8 GET /api/v1/reports/exports/:id/download — PDF export downloaded and parsed, 211323 bytes
[PASS] 5.8-XLSX POST /api/v1/reports/exports — XLSX export requested id=8844dbf0-87d8-4839-b522-7c267ed0fcf1
[PASS] 5.8b GET /api/v1/reports/exports/:id/download — XLSX export downloaded and parsed, 1 sheet(s)
[PASS] 6.1 POST /api/v1/licensing/accounts/:id/block — guardian account blocked with a stated reason
[PASS] 6.2 POST /api/v1/auth/login — blocked guardian correctly refused sign-in: ACCOUNT_BLOCKED auth.contactNursery
[PASS] 6.2b GET /api/v1/finance/children/:id/balances — billing for the child continues unaffected while the guardian is blocked (finance data still readable by staff)
[PASS] 6.3 POST /api/v1/licensing/accounts/:id/unblock — guardian account unblocked
[PASS] 6.3b POST /api/v1/auth/login — normal sign-in access returned after unblock
[NOT EXECUTED] 7.1 n/a (manual/browser) — physical 360px layout requires a real rendered browser/device — no browser automation permitted (AGENTS.md rule 11 / U24)
[NOT EXECUTED] 7.2 n/a (manual/browser) — visible keyboard focus/tab order requires a real rendered browser
[NOT EXECUTED] 7.3 n/a (manual/browser) — prefers-reduced-motion visual behaviour requires a real rendered browser
[NOT EXECUTED] 7.4 n/a (manual/browser) — RTL layout direction of monetary/date values requires a real rendered browser (scripted CSS/axe checks in the DOM suite are the closest automated substitute — see Step 5 gate results)
[NOT EXECUTED] 4.2b n/a (manual/browser) — actual dd/MM/yyyy + Latin-digit EGP rendering on screen requires a real rendered browser; locale switch itself verified at 4.2 and by the existing bilingual DOM suite (tests/e2e/collections.test.tsx, parent-hub.test.tsx)
[PASS] 8.1-setup GET /api/v1/imports/templates/PARENTS_CHILDREN — template downloaded, 12765 bytes
[PASS] 8.1 POST /api/v1/imports — preview: canCommit=true, creates {"guardians":1,"children":1,"links":1,"obligations":0,"employees":0,"logins":1,"assignments":0}
[PASS] 8.1b POST /api/v1/imports/:id/commit — import committed (replayed=false)
[PASS] 8.2-setup POST /api/v1/support/backups — backup requested, id=65cfee1f-8b78-4147-a0b4-c577a15ae5cb, status=REQUESTED
[PASS] 8.2-setup-b GET /api/v1/support/backups — backup SUCCEEDED, archive backup-59ae7d0f-20260915T060217Z-manual-65cfee1f.tar.enc, 2 file(s)
[PASS] 8.2 POST /api/v1/support/restore-validations — restore validation requested id=d43f6901-08d5-457e-af14-5818896aaab0, status=REQUESTED
[PASS] 8.2b GET /api/v1/support/restore-validations — restore validation SUCCEEDED; report: {"mode":"validate","files":{"missing":0,"extracted":2,"mismatched":0,"referenced":2},"checks":{"accounts":5,"children":3,"nurseryName":"Walkthrough Nursery","licenseValidUntil":"2027-09-15","outstandingDebtPiastres":"181667","treasuryBalancePiastres":"1555333"},"archive":{"name":"backup-59ae7d0f-20260915T060217Z-manual-65cfee1f.tar.enc","bytes":782368,"sha256":"7f440b09f352777f0de04219661383227db5f10bf43246bcaddc8696ab0d7310"},"database":{"name":"nursery_uat_restore_check","schemaVersion":"0023_support_backups.sql","sessionsRevoked":4,"migrationsApplied":[]},"manifest":{"kind":"MANUAL","files":2,"runId":"65cfee1f-8b78-4147-a0b4-c577a15ae5cb","createdAt":"2026-09-15T06:02:17.765Z","fileBytes":218860,"schemaVersion":"0023_support_backups.sql","installationId":"59ae7d0f-a59e-458d-ae43-6db1bca4c221","releaseVersion":"uat-walkthrough"},"durationMs":1829}


| Row | Status | Route | Note |
|---|---|---|---|
| 1.1 | PASS | POST /api/v1/auth/password | temporary bootstrap password changed for SYSTEM |
| 1.2 | PASS | PUT /api/v1/licensing/settings | nursery name/theme saved with a passing contrast pair |
| 1.2b | PASS | PUT /api/v1/licensing/settings | unreadable white-on-white theme correctly rejected server-side: VALIDATION_ERROR licensing.contrast |
| 1.3 | PASS | PUT /api/v1/licensing/limits | subscription validity/grace/capacities saved |
| 1.4 | PASS | POST /api/v1/organization/roles | custom role created id=d4232d15-6e5e-4fd3-87d1-a8c24b6649ec |
| 1.4b | PASS | POST /api/v1/organization/roles | reserved capability key correctly refused for a custom role: FORBIDDEN auth.forbidden |
| 1.4c | PASS | POST /api/v1/organization/roles | teacher role created id=638f30cb-a86c-4e97-a2c3-782d07db3e66 |
| 1.5 | PASS | POST /api/v1/licensing/staff | first nursery-admin login provisioned: admin-1789451999756 |
| 1.5b | PASS | POST /api/v1/auth/password | one-time temporary password worked and was changed |
| 2.1 | PASS | POST /api/v1/organization/branches | branch A id=cad62d57-1f76-4d69-9e1b-2e5eb52db01e |
| 2.1b | PASS | POST /api/v1/organization/branches | branch B id=b50b6806-b64a-4cc3-b867-6b5ededfbd77 |
| 2.1c | PASS | POST /api/v1/organization/classrooms | classroom A id=068fe7e3-0383-41dc-a41c-4cfe3184f9de |
| 2.1d | PASS | POST /api/v1/organization/classrooms | classroom B id=6b652ced-2410-4291-a9a2-8d297930f4f7 |
| 1.5c | PASS | PUT /api/v1/organization/staff/:id/assignments | admin scoped branch-wide over both branches |
| 2.2 | PASS | POST /api/v1/licensing/staff | teacher login provisioned: teacher-1789452001076 |
| 2.2a | PASS | PUT /api/v1/organization/staff/:id/assignments | teacher scoped to classroom A only |
| 2.2b | PASS | GET /api/v1/auth/me | teacher session scope is exactly classroom A only (classroomIds=[068fe7e3-0383-41dc-a41c-4cfe3184f9de]) |
| 2.setup-a | PASS | POST /api/v1/finance/categories | TUITION category id=11e7581c-a12a-473e-a5f8-ca0105e8dc8a |
| 2.setup-b | PASS | POST /api/v1/finance/categories | BUS category id=8ff8a238-8079-46d8-89bc-92c96d837b9c |
| 2.setup-c | PASS | POST /api/v1/finance/categories | TRIP category id=dff78f58-79bd-4918-9069-9499537f4967 |
| 2.setup-d | PASS | POST /api/v1/finance/accounts | branch A default CASH account id=f14ee431-fda1-47a0-b4a6-fdbd47c011b7, opening balance 2000000 |
| 2.setup-e | PASS | POST /api/v1/finance/accounts | branch B default CASH account id=d1a108a1-18c3-4c6d-b2d9-94e3b2e5f04b |
| 2.setup-f | PASS | POST /api/v1/finance/accounts | branch A BANK account id=b689acbb-7333-4445-aed6-afa88f13e81a |
| 2.3 | PASS | POST /api/v1/children/onboarding | family onboarded: 2 children, 1 guardian(s) |
| 2.4 | PASS | POST /api/v1/billing/agreements | draft billing agreement id=f9d395c3-7bfc-4d1d-afda-9174b3190264 |
| 2.4b | PASS | POST /api/v1/billing/agreements/:id/approve | agreement approved — creates debt only, verified against treasury balance in 2.4c |
| 2.4c | PASS | GET /api/v1/finance/accounts | approving the agreement created no cash movement (branch A cash balance still 2000000) |
| 2.5 | PASS | POST /api/v1/transport/subscriptions | bus subscription id=f64d609e-3bc5-4207-b69b-5171b0ce9ced created with obligation c034c4ed-a7b6-4125-a7a3-78b57bacc2a0 (eligibility checked in 5.2 after full settlement) |
| 2.6 | PASS | POST /api/v1/activities | activity created id=a20eafd8-a30c-41d8-9407-1b795fc43fad |
| 3.setup | PASS | GET /api/v1/learning/configuration | checkpoint configuration v2, 3 definitions |
| 3.1 | PASS | GET /api/v1/attendance/classrooms/:id/draft | roster 2 children |
| 3.1b | PASS | POST /api/v1/attendance/classroom-publications | attendance published PRESENT for the full roster |
| 3.setup-subject | PASS | POST /api/v1/exams/catalog/subjects | subject id=7f3ba849-afbb-4328-82b1-6b3f83a377c1 |
| 3.setup-type | PASS | POST /api/v1/exams/catalog/types | exam type id=ff75b1fb-6574-4158-8900-cb5cc41daeb7 |
| 3.setup-exam | PASS | POST /api/v1/exams | exam id=8cf6d431-9f07-454b-aced-f582ebc3ec98 |
| 3.setup-roster | PASS | GET /api/v1/exams/:id/roster | 2 children on roster |
| 3.2 | PASS | POST /api/v1/exams/results | child one scored 0 (real zero, not missing); child two left unrecorded to confirm missing ≠ zero |
| 3.2b | PASS | GET /api/v1/exams/:id/roster | confirmed: recorded zero score displays as 0, unrecorded child stays explicitly missing (not zero) |
| 3.3 | PASS | POST /api/v1/homework | homework assignment id=ea63c4c3-e17e-425e-8364-becf44c70d37 |
| 3.setup-hw-roster | PASS | GET /api/v1/homework/:id/roster | 2 children |
| 3.3b | PASS | POST /api/v1/homework/outcomes | child one homework marked completed |
| 3.4 | PASS | POST /api/v1/exams/results/corrections | issued a reasoned correction from 0 to 5 |
| 3.4b | PASS | GET /api/v1/exams/children/:id/history | 1 historical exam entries retained (original stays visible alongside the correction) |
| 4.1 | PASS | GET /api/v1/parent/live (SSE) | real SSE stream received a distinct invalidate event within 8s of a teacher publication (separate from the initial connect snapshot) |
| 4.1b | PASS | GET /api/v1/learning/children/:id/daily | guardian can read the child's daily record over the same authenticated route staff use |
| 4.2 | PASS | PATCH /api/v1/auth/locale | guardian locale switched to ar-EG (dd/MM/yyyy + Latin-digit EGP rendering itself is a DOM-suite/manual check, not verifiable over raw HTTP — see note in the matrix) |
| 4.3 | PASS | GET /api/v1/parent/payment-options | guardian can read parent payment options (permitted balances view); receipt visibility re-checked at 4.3b after 5.1 actually collects one |
| 4.3-balances | PASS | GET /api/v1/finance/children/:id/balances | guardian can read the permitted child balance before any collection |
| 4.4-setup | PASS | POST /api/v1/announcements | announcement id=185236ef-6d13-4276-b47f-049e39629c01 |
| 4.4 | PASS | GET /api/v1/parent/announcements | 1 notice(s) visible, including the classroom announcement |
| 4.4b | PASS | POST /api/v1/parent/announcements/:id/acknowledgment | guardian acknowledged the notice that required it, and it now shows acknowledged=true on re-read |
| 5.setup | PASS | GET /api/v1/finance/outstanding | 3 unpaid installment(s), total remaining 145000 |
| 5.1 | PASS | POST /api/v1/payments | partial collection produced receipt(s): 481735e8-cf2d-4fcc-a61e-02b2883b5c83 |
| 4.3b | PASS | GET /api/v1/parent/children/:id/receipts | guardian's payment history now shows the just-collected receipt (1 total) |
| 5.2 | PASS | POST /api/v1/payments | partial bus-fee payment correctly rejected (full settlement only): VALIDATION_ERROR finance.invalid |
| 5.2b | PASS | POST /api/v1/payments | full bus-fee settlement accepted once |
| 5.2c | PASS | GET /api/v1/transport/subscriptions | bus subscription now eligible after full settlement |
| 5.3-setup | PASS | POST /api/v1/expenses/categories | expense category id=5d0a3641-7a32-4979-983d-da8534c55484 |
| 5.3 | PASS | POST /api/v1/expenses | pending expense id=e0a18ddf-581a-4e12-be15-a71de9dce108 (no cash effect) |
| 5.3b | PASS | POST /api/v1/expenses/:id/pay | actual payment recorded once money left the account |
| 5.4 | PASS | POST /api/v1/finance/transfers | treasury account transfer recorded (source −, destination +) |
| 5.5-setup | PASS | POST /api/v1/payroll/employees | employee profile id=3f5808e5-d2a3-457c-8f9d-9c606937ab2b |
| 5.5-setup-b | PASS | POST /api/v1/payroll/periods | payroll period id=5f216896-e556-4a15-9bde-d1936d0d713f |
| 5.5 | PASS | POST /api/v1/payroll/periods/:id/advances | salary advance paid |
| 5.5b | PASS | POST /api/v1/payroll/periods/:id/settlements | full remaining 400000 paid once |
| 5.6-setup | PASS | POST /api/v1/finance/child-transfers/preview | preview: 1 outstanding item(s), amount 100000 |
| 5.6 | PASS | POST /api/v1/children/:id/branch-transfers | child transferred with outstanding debt moved to Branch B |
| 5.6b | PASS | GET /api/v1/finance/accounts | branch A cash balance after transfer: 1550333 (unchanged by the transfer itself, cf. balance recorded at 2.4c and any 5.1/5.3b/5.4 postings above) |
| 5.7-setup | PASS | GET /api/v1/finance/closing-options | 2 countable account(s), canCount=true |
| 5.7-setup-b | PASS | GET /api/v1/finance/closing-current | current revision 0 |
| 5.7 | PASS | POST /api/v1/finance/closings | closing recorded, difference 0 (0 = matches actual counted cash) |
| 5.8-setup | PASS | GET /api/v1/reports/options | 24 report kinds available |
| 5.8-PDF | PASS | POST /api/v1/reports/exports | PDF export requested id=aad99302-8e45-4949-b4a7-4f515f4c91f6 |
| 5.8 | PASS | GET /api/v1/reports/exports/:id/download | PDF export downloaded and parsed, 211323 bytes |
| 5.8-XLSX | PASS | POST /api/v1/reports/exports | XLSX export requested id=8844dbf0-87d8-4839-b522-7c267ed0fcf1 |
| 5.8b | PASS | GET /api/v1/reports/exports/:id/download | XLSX export downloaded and parsed, 1 sheet(s) |
| 6.1 | PASS | POST /api/v1/licensing/accounts/:id/block | guardian account blocked with a stated reason |
| 6.2 | PASS | POST /api/v1/auth/login | blocked guardian correctly refused sign-in: ACCOUNT_BLOCKED auth.contactNursery |
| 6.2b | PASS | GET /api/v1/finance/children/:id/balances | billing for the child continues unaffected while the guardian is blocked (finance data still readable by staff) |
| 6.3 | PASS | POST /api/v1/licensing/accounts/:id/unblock | guardian account unblocked |
| 6.3b | PASS | POST /api/v1/auth/login | normal sign-in access returned after unblock |
| 7.1 | NOT EXECUTED | n/a (manual/browser) | physical 360px layout requires a real rendered browser/device — no browser automation permitted (AGENTS.md rule 11 / U24) |
| 7.2 | NOT EXECUTED | n/a (manual/browser) | visible keyboard focus/tab order requires a real rendered browser |
| 7.3 | NOT EXECUTED | n/a (manual/browser) | prefers-reduced-motion visual behaviour requires a real rendered browser |
| 7.4 | NOT EXECUTED | n/a (manual/browser) | RTL layout direction of monetary/date values requires a real rendered browser (scripted CSS/axe checks in the DOM suite are the closest automated substitute — see Step 5 gate results) |
| 4.2b | NOT EXECUTED | n/a (manual/browser) | actual dd/MM/yyyy + Latin-digit EGP rendering on screen requires a real rendered browser; locale switch itself verified at 4.2 and by the existing bilingual DOM suite (tests/e2e/collections.test.tsx, parent-hub.test.tsx) |
| 8.1-setup | PASS | GET /api/v1/imports/templates/PARENTS_CHILDREN | template downloaded, 12765 bytes |
| 8.1 | PASS | POST /api/v1/imports | preview: canCommit=true, creates {"guardians":1,"children":1,"links":1,"obligations":0,"employees":0,"logins":1,"assignments":0} |
| 8.1b | PASS | POST /api/v1/imports/:id/commit | import committed (replayed=false) |
| 8.2-setup | PASS | POST /api/v1/support/backups | backup requested, id=65cfee1f-8b78-4147-a0b4-c577a15ae5cb, status=REQUESTED |
| 8.2-setup-b | PASS | GET /api/v1/support/backups | backup SUCCEEDED, archive backup-59ae7d0f-20260915T060217Z-manual-65cfee1f.tar.enc, 2 file(s) |
| 8.2 | PASS | POST /api/v1/support/restore-validations | restore validation requested id=d43f6901-08d5-457e-af14-5818896aaab0, status=REQUESTED |
| 8.2b | PASS | GET /api/v1/support/restore-validations | restore validation SUCCEEDED; report: {"mode":"validate","files":{"missing":0,"extracted":2,"mismatched":0,"referenced":2},"checks":{"accounts":5,"children":3,"nurseryName":"Walkthrough Nursery","licenseValidUntil":"2027-09-15","outstandingDebtPiastres":"181667","treasuryBalancePiastres":"1555333"},"archive":{"name":"backup-59ae7d0f-20260915T060217Z-manual-65cfee1f.tar.enc","bytes":782368,"sha256":"7f440b09f352777f0de04219661383227db5f10bf43246bcaddc8696ab0d7310"},"database":{"name":"nursery_uat_restore_check","schemaVersion":"0023_support_backups.sql","sessionsRevoked":4,"migrationsApplied":[]},"manifest":{"kind":"MANUAL","files":2,"runId":"65cfee1f-8b78-4147-a0b4-c577a15ae5cb","createdAt":"2026-09-15T06:02:17.765Z","fileBytes":218860,"schemaVersion":"0023_support_backups.sql","installationId":"59ae7d0f-a59e-458d-ae43-6db1bca4c221","releaseVersion":"uat-walkthrough"},"durationMs":1829} |

Totals: {"PASS":88,"NOT EXECUTED":5}
EXIT=0
